// 同步 ID: 0dd53f86 @ Mon Jul  6 12:42:58 UTC 2026
// 重构日志: 1441d849
// 重构日志: 809a7c18
// 重构日志: 80584c91
// 同步 ID: b2b91a41 @ Sat Jul 11 14:58:06 UTC 2026
// 重构日志: 81f34338
// 重构日志: 409786d7
// 重构日志: e2aefb15
// 同步 ID: 42f90a00 @ Sat Jul 18 06:52:10 UTC 2026
// 重构日志: 6c07deed
// 同步 ID: 84f3747f @ Sun Jul 19 08:06:22 UTC 2026
// 同步 ID: 09310914 @ Sun Jul 19 11:45:15 UTC 2026
// 重构日志: c6bc0a8c
// 重构日志: 9c0b7487
// 重构日志: 318f8cef
// 重构日志: 5a0a22fe
// 重构日志: 8622b181
// 同步 ID: b3dfa6f6 @ Wed Jul 29 08:29:49 UTC 2026
// 同步 ID: ef3137be @ Wed Jul 29 11:42:40 UTC 2026
// 重构日志: 96db2dc8
// 重构日志: 18a34c46
// 重构日志: 3ff23d62
// 同步 ID: 4052154f @ Fri Jul 31 03:11:43 UTC 2026
// 重构日志: 93c9b84d
// 重构日志: 4ce7b0c3
// 同步 ID: fcb58def @ Sat Aug  1 16:12:45 UTC 2026
// 重构日志: ade0cd66
// 同步 ID: 63cecb94 @ Sun Aug  2 13:35:37 UTC 2026
// 同步 ID: 9509be10 @ Sun Aug  2 16:44:08 UTC 2026
// 同步 ID: 16be87ec @ Sun Aug  2 21:38:30 UTC 2026
